// Vitest Snapshot v1, https://vitest.dev/guide/snapshot.html

exports[`ReferrerPolicy > is an enum 1`] = `
{
  "Empty": "",
  "NoReferrer": "no-referrer",
  "NoReferrerWhenDowngrade": "no-referrer-when-downgrade",
  "Origin": "origin",
  "OriginWhenCrossOrigin": "origin-when-cross-origin",
  "SameOrigin": "same-origin",
  "StrictOrigin": "strict-origin",
  "StrictOriginWhenCrossOrigin": "strict-origin-when-cross-origin",
  "UnsafeURL": "unsafe-url",
  "__decode__": [Function],
  "__encode__": [Function],
  "__schema__": [Function],
  "asInstance": [Function],
  "asString": [Function],
  "at": [Function],
  "hasInstance": [Function],
  "indexOf": [Function],
  "indexType": "number",
  "inspect": undefined,
  "range": [Function],
  "rangeSize": [Function],
  "typeName": "ReferrerPolicy",
  Symbol(w5s.enumKeys): [
    "Empty",
    "NoReferrer",
    "NoReferrerWhenDowngrade",
    "SameOrigin",
    "Origin",
    "StrictOrigin",
    "OriginWhenCrossOrigin",
    "StrictOriginWhenCrossOrigin",
    "UnsafeURL",
  ],
}
`;
