// Vitest Snapshot v1, https://vitest.dev/guide/snapshot.html

exports[`RequestCredentials > is an enum 1`] = `
{
  "Include": "include",
  "Omit": "omit",
  "SameOrigin": "same-origin",
  "at": [Function],
  "codecDecode": [Function],
  "codecEncode": [Function],
  "codecSchema": [Function],
  "from": [Function],
  "hasInstance": [Function],
  "indexOf": [Function],
  "indexType": "number",
  "inspect": undefined,
  "range": [Function],
  "rangeSize": [Function],
  "typeName": "Enum",
  Symbol(w5s.enumKeys): [
    "Include",
    "Omit",
    "SameOrigin",
  ],
  Symbol(w5s.enumValues): [
    "include",
    "omit",
    "same-origin",
  ],
}
`;
