// Vitest Snapshot v1, https://vitest.dev/guide/snapshot.html

exports[`RequestMode > is an enum 1`] = `
{
  "CORS": "cors",
  "Navigate": "navigate",
  "NoCORS": "no-cors",
  "SameOrigin": "same-origin",
  "at": [Function],
  "codecDecode": [Function],
  "codecEncode": [Function],
  "codecSchema": [Function],
  "from": [Function],
  "hasInstance": [Function],
  "indexOf": [Function],
  "indexType": "number",
  "inspect": undefined,
  "range": [Function],
  "rangeSize": [Function],
  "typeName": "RequestMode",
  Symbol(w5s.enumKeys): [
    "SameOrigin",
    "CORS",
    "Navigate",
    "NoCORS",
  ],
}
`;
