// Vitest Snapshot v1, https://vitest.dev/guide/snapshot.html

exports[`RequestDestination > is an enum 1`] = `
{
  "Audio": "audio",
  "AudioWorklet": "audioworklet",
  "Document": "document",
  "Embed": "embed",
  "Empty": "",
  "Font": "font",
  "Frame": "frame",
  "Iframe": "iframe",
  "Image": "image",
  "Manifest": "manifest",
  "Object": "object",
  "PaintWorklet": "paintworklet",
  "Report": "report",
  "Script": "script",
  "SharedWorker": "sharedworker",
  "Style": "style",
  "Track": "track",
  "Video": "video",
  "Worker": "worker",
  "XSLT": "xslt",
  "__decode__": [Function],
  "__encode__": [Function],
  "__schema__": [Function],
  "asInstance": [Function],
  "asString": [Function],
  "at": [Function],
  "hasInstance": [Function],
  "indexOf": [Function],
  "indexType": "number",
  "inspect": undefined,
  "range": [Function],
  "rangeSize": [Function],
  "typeName": "RequestDestination",
  Symbol(w5s.enumKeys): [
    "Empty",
    "Audio",
    "AudioWorklet",
    "Document",
    "Embed",
    "Font",
    "Frame",
    "Iframe",
    "Image",
    "Manifest",
    "Object",
    "PaintWorklet",
    "Report",
    "Script",
    "SharedWorker",
    "Style",
    "Track",
    "Video",
    "Worker",
    "XSLT",
  ],
}
`;
