// Vitest Snapshot v1, https://vitest.dev/guide/snapshot.html

exports[`RequestRedirect > is an enum 1`] = `
{
  "Error": "error",
  "Follow": "follow",
  "Manual": "manual",
  "__decode__": [Function],
  "__encode__": [Function],
  "__schema__": [Function],
  "asInstance": [Function],
  "at": [Function],
  "hasInstance": [Function],
  "indexOf": [Function],
  "indexType": "number",
  "inspect": undefined,
  "range": [Function],
  "rangeSize": [Function],
  "typeName": "RequestRedirect",
  Symbol(w5s.enumKeys): [
    "Follow",
    "Error",
    "Manual",
  ],
}
`;
