// Vitest Snapshot v1, https://vitest.dev/guide/snapshot.html

exports[`RequestCache > is an enum 1`] = `
{
  "Default": "default",
  "ForceCache": "force-cache",
  "NoCache": "no-cache",
  "NoStore": "no-store",
  "OnlyIfCached": "only-if-cached",
  "Reload": "reload",
  "at": [Function],
  "codecDecode": [Function],
  "codecEncode": [Function],
  "codecSchema": [Function],
  "from": [Function],
  "hasInstance": [Function],
  "indexOf": [Function],
  "indexType": "number",
  "inspect": undefined,
  "range": [Function],
  "rangeSize": [Function],
  "typeName": "Enum",
  Symbol(w5s.enumKeys): [
    "Default",
    "NoStore",
    "Reload",
    "NoCache",
    "ForceCache",
    "OnlyIfCached",
  ],
  Symbol(w5s.enumValues): [
    "default",
    "no-store",
    "reload",
    "no-cache",
    "force-cache",
    "only-if-cached",
  ],
}
`;
