// Vitest Snapshot v1, https://vitest.dev/guide/snapshot.html

exports[`EUR() > should be a valid money factory > currency 1`] = `
Struct {
  "_": "Currency",
  "code": "EUR",
  "name": "Euro",
  "namePlural": "euros",
  "precision": 2,
  "rounding": 0,
  "symbol": "€",
  "symbolNative": "€",
}
`;

exports[`USD() > should be a valid money factory > currency 1`] = `
Struct {
  "_": "Currency",
  "code": "USD",
  "name": "US Dollar",
  "namePlural": "US dollars",
  "precision": 2,
  "rounding": 0,
  "symbol": "$",
  "symbolNative": "$",
}
`;
